
> lic-recruitment@0.1.0 test:headed
> playwright test --headed --reporter=list


Running 18 tests using 7 workers

  ✓   1 [chromium] › tests/home.spec.ts:30:7 › LIC Recruitment - Home Page Visual Tests › hero section renders on mobile (1.8s)
  ✓   3 [chromium] › tests/home.spec.ts:78:7 › LIC Recruitment - Home Page Visual Tests › CTA buttons are interactive (1.8s)
  ✓   2 [chromium] › tests/home.spec.ts:4:7 › LIC Recruitment - Home Page Visual Tests › hero section renders with animations on desktop (1.8s)
  ✓   7 [chromium] › tests/home.spec.ts:54:7 › LIC Recruitment - Home Page Visual Tests › hero section renders on tablet (1.8s)
  ✓   5 [chromium] › tests/home.spec.ts:103:7 › LIC Recruitment - Home Page Visual Tests › page loads with reduced motion preference (2.0s)
  ✓   9 [mobile-safari] › tests/home.spec.ts:54:7 › LIC Recruitment - Home Page Visual Tests › hero section renders on tablet (583ms)
  ✓  12 [mobile-safari] › tests/home.spec.ts:122:7 › LIC Recruitment - Home Page Visual Tests › layout is responsive at different breakpoints (460ms)
  ✓  11 [mobile-safari] › tests/home.spec.ts:103:7 › LIC Recruitment - Home Page Visual Tests › page loads with reduced motion preference (608ms)
  ✓   8 [mobile-safari] › tests/home.spec.ts:30:7 › LIC Recruitment - Home Page Visual Tests › hero section renders on mobile (609ms)
  ✓   6 [chromium] › tests/home.spec.ts:122:7 › LIC Recruitment - Home Page Visual Tests › layout is responsive at different breakpoints (4.1s)
  ✓  14 [tablet] › tests/home.spec.ts:30:7 › LIC Recruitment - Home Page Visual Tests › hero section renders on mobile (1.4s)
  ✓  15 [tablet] › tests/home.spec.ts:54:7 › LIC Recruitment - Home Page Visual Tests › hero section renders on tablet (1.4s)
  ✓  13 [tablet] › tests/home.spec.ts:4:7 › LIC Recruitment - Home Page Visual Tests › hero section renders with animations on desktop (1.5s)
  ✓  16 [tablet] › tests/home.spec.ts:78:7 › LIC Recruitment - Home Page Visual Tests › CTA buttons are interactive (1.5s)
  ✓  17 [tablet] › tests/home.spec.ts:103:7 › LIC Recruitment - Home Page Visual Tests › page loads with reduced motion preference (1.1s)
  ✘   4 [mobile-safari] › tests/home.spec.ts:4:7 › LIC Recruitment - Home Page Visual Tests › hero section renders with animations on desktop (6.8s)
  ✓  18 [tablet] › tests/home.spec.ts:122:7 › LIC Recruitment - Home Page Visual Tests › layout is responsive at different breakpoints (3.0s)
  ✘  10 [mobile-safari] › tests/home.spec.ts:78:7 › LIC Recruitment - Home Page Visual Tests › CTA buttons are interactive (30.0s)


  1) [mobile-safari] › tests/home.spec.ts:4:7 › LIC Recruitment - Home Page Visual Tests › hero section renders with animations on desktop 

    Error: [2mexpect([22m[31mlocator[39m[2m).[22mtoBeVisible[2m([22m[2m)[22m failed

    Locator:  locator('button').first()
    Expected: visible
    Received: hidden
    Timeout:  5000ms

    Call log:
    [2m  - Expect "toBeVisible" with timeout 5000ms[22m
    [2m  - waiting for locator('button').first()[22m
    [2m    9 × locator resolved to <button class="ml-3 rounded-lg border border-primary/20 px-5 py-2.5 font-headline text-sm font-bold text-primary">WhatsApp</button>[22m
    [2m      - unexpected value "hidden"[22m


      19 |     // Verify CTAs are present
      20 |     const applyButton = page.locator('button').first();
    > 21 |     await expect(applyButton).toBeVisible();
         |                               ^
      22 |
      23 |     // Take full page screenshot
      24 |     await page.screenshot({
        at /Users/sakshampanjla/Desktop/REACT/joinlictricity/lic-recruitment/tests/home.spec.ts:21:31

    Error Context: test-results/home-LIC-Recruitment---Hom-804a5--with-animations-on-desktop-mobile-safari/error-context.md

  2) [mobile-safari] › tests/home.spec.ts:78:7 › LIC Recruitment - Home Page Visual Tests › CTA buttons are interactive 

    [31mTest timeout of 30000ms exceeded.[39m

    Error: locator.hover: Test timeout of 30000ms exceeded.
    Call log:
    [2m  - waiting for locator('button').first()[22m
    [2m    - locator resolved to <button class="ml-3 rounded-lg border border-primary/20 px-5 py-2.5 font-headline text-sm font-bold text-primary">WhatsApp</button>[22m
    [2m  - attempting hover action[22m
    [2m    2 × waiting for element to be visible and stable[22m
    [2m      - element is not visible[22m
    [2m    - retrying hover action[22m
    [2m    - waiting 20ms[22m
    [2m    2 × waiting for element to be visible and stable[22m
    [2m      - element is not visible[22m
    [2m    - retrying hover action[22m
    [2m      - waiting 100ms[22m
    [2m    54 × waiting for element to be visible and stable[22m
    [2m       - element is not visible[22m
    [2m     - retrying hover action[22m
    [2m       - waiting 500ms[22m


      85 |
      86 |     // Test button hover (visual feedback)
    > 87 |     await buttons[0].hover();
         |                      ^
      88 |
      89 |     // Take screenshot of hovered state
      90 |     await page.screenshot({
        at /Users/sakshampanjla/Desktop/REACT/joinlictricity/lic-recruitment/tests/home.spec.ts:87:22

    Error Context: test-results/home-LIC-Recruitment---Hom-799aa-CTA-buttons-are-interactive-mobile-safari/error-context.md

  2 failed
    [mobile-safari] › tests/home.spec.ts:4:7 › LIC Recruitment - Home Page Visual Tests › hero section renders with animations on desktop 
    [mobile-safari] › tests/home.spec.ts:78:7 › LIC Recruitment - Home Page Visual Tests › CTA buttons are interactive 
  16 passed (33.3s)
